[enfantcheri.edu.ph/index.html]
[backblue.gif]
[fade.gif]
[index.html]
[enfantcheri.edu.ph/wp-content/themes/enfantcheri-theme/assets/img/students-header.png]
[enfantcheri.edu.ph/wp-content/themes/enfantcheri-theme/assets/css/spectre.css]
[enfantcheri.edu.ph/wp-content/themes/enfantcheri-theme/assets/css/style.css]
[enfantcheri.edu.ph/wp-content/themes/enfantcheri-theme/assets/css/aos.css]
[enfantcheri.edu.ph/wp-content/themes/enfantcheri-theme/assets/css/animsition.css]
[enfantcheri.edu.ph/wp-content/themes/enfantcheri-theme/assets/css/sidebar.css]
[enfantcheri.edu.ph/wp-content/themes/enfantcheri-theme/assets/css/carousell.css]
[enfantcheri.edu.ph/wp-content/themes/enfantcheri-theme/assets/img/favicon.ico]
[kit.fontawesome.com/29e765d22c.js]
[enfantcheri.edu.ph/wp-includes/css/dist/block-library/style.minadc6.css]
[enfantcheri.edu.ph/wp-content/plugins/contact-form-7/includes/css/styles5406.css]
[enfantcheri.edu.ph/xmlrpc0db0.php]
[enfantcheri.edu.ph/page/2/index.html]
[enfantcheri.edu.ph/wp-content/themes/enfantcheri-theme/assets/img/logo.png]
[enfantcheri.edu.ph/wp-json/index.html]
[enfantcheri.edu.ph/mission-vision/index.html]
[enfantcheri.edu.ph/history/index.html]
[enfantcheri.edu.ph/wp-content/themes/enfantcheri-theme/assets/img/students-header-new.png]
[enfantcheri.edu.ph/milestone/index.html]
[enfantcheri.edu.ph/academic-program/index.html]
[enfantcheri.edu.ph/wp-content/themes/enfantcheri-theme/assets/img/footer-fern.png]
[enfantcheri.edu.ph/news/index.html]
[enfantcheri.edu.ph/wp-content/uploads/2020/07/4.jpg]
[enfantcheri.edu.ph/sy2018-2019/index.html]
[enfantcheri.edu.ph/contact-us/index.html]
[enfantcheri.edu.ph/wp-content/uploads/2020/07/MISC-AD.jpg]
[enfantcheri.edu.ph/wp-content/uploads/2020/07/ENROLMENT-2.jpg]
[enfantcheri.edu.ph/wp-content/uploads/2020/07/ENFANTCHERI.mp4]
[enfantcheri.edu.ph/pre-school/index.html]
[enfantcheri.edu.ph/wp-content/uploads/2020/07/2020-PS-AD-scaled.jpg]
[enfantcheri.edu.ph/wp-content/uploads/2020/07/2020-GS-AD-scaled.jpg]
[enfantcheri.edu.ph/grade-school/index.html]
[enfantcheri.edu.ph/wp-content/uploads/2020/07/2020-HS-AD-1-scaled.jpg]
[enfantcheri.edu.ph/wp-content/themes/enfantcheri-theme/assets/js/jquery-3.2.1.min.js]
[enfantcheri.edu.ph/wp-content/themes/enfantcheri-theme/assets/js/bootstrap.min.js]
[enfantcheri.edu.ph/ecsci-declares-winners-of-csg-election/index.html]
[unpkg.com/aos@2.3.1/dist/aos.js]
[enfantcheri.edu.ph/wp-content/themes/enfantcheri-theme/assets/js/rellax.min.js]
[enfantcheri.edu.ph/wp-content/themes/enfantcheri-theme/assets/js/siema.min.js]
[enfantcheri.edu.ph/wp-content/themes/enfantcheri-theme/assets/js/sidebar.js]
[enfantcheri.edu.ph/index.html]
[enfantcheri.edu.ph/wp-content/themes/enfantcheri-theme/assets/img/students-header.html]
[enfantcheri.edu.ph/wp-content/themes/enfantcheri-theme/assets/css/spectre.css]
[enfantcheri.edu.ph/wp-content/themes/enfantcheri-theme/assets/js/custom.js]
[enfantcheri.edu.ph/wp-content/themes/enfantcheri-theme/assets/img/header-stripe.png]
[enfantcheri.edu.ph/wp-content/themes/enfantcheri-theme/assets/img/header-lower-stripe.png]
[enfantcheri.edu.ph/wp-content/themes/enfantcheri-theme/assets/img/fern-left.png]
[enfantcheri.edu.ph/wp-content/themes/enfantcheri-theme/assets/img/fern-right.png]
[enfantcheri.edu.ph/wp-content/themes/enfantcheri-theme/assets/css/style.css]
[enfantcheri.edu.ph/wp-content/themes/enfantcheri-theme/assets/css/aos.css]
[enfantcheri.edu.ph/wp-content/themes/enfantcheri-theme/assets/css/animsition.css]
[enfantcheri.edu.ph/wp-content/themes/enfantcheri-theme/assets/css/sidebar.css]
[enfantcheri.edu.ph/wp-content/themes/enfantcheri-theme/assets/css/carousell.css]
[enfantcheri.edu.ph/page/2/index.html]
[enfantcheri.edu.ph/wp-includes/css/dist/block-library/style.minadc6.css]
[enfantcheri.edu.ph/wp-content/plugins/contact-form-7/includes/css/styles5406.css]
[enfantcheri.edu.ph/wp-json/wp/v2/pages/81.json]
[enfantcheri.edu.ph/wp-json/oembed/1.0/embeda938.json]
[enfantcheri.edu.ph/wp-json/oembed/1.0/embed6d50]
[enfantcheri.edu.ph/wp-content/uploads/2020/07/Picture1.jpg]
[enfantcheri.edu.ph/wp-content/uploads/2020/07/Picture2.jpg]
[enfantcheri.edu.ph/wp-content/uploads/2020/07/Picture4-1024x729.jpg]
[enfantcheri.edu.ph/wp-content/uploads/2020/07/Picture5-1024x743.jpg]
[enfantcheri.edu.ph/wp-content/uploads/2020/07/Picture6-1024x727.jpg]
[enfantcheri.edu.ph/wp-content/uploads/2020/07/Picture7.jpg]
[enfantcheri.edu.ph/wp-content/uploads/2020/07/107302155_2791180751167083_3081295701904122677_n-1024x576.jpg]
[enfantcheri.edu.ph/wp-content/uploads/2020/07/107554252_282172626337745_2193310061106293589_n-1-1024x576.jpg]
[enfantcheri.edu.ph/wp-content/uploads/2020/07/108634967_750851819058664_5721647378566441217_n-1024x576.jpg]
[enfantcheri.edu.ph/wp-content/uploads/2020/07/Picture12-1.jpg]
[enfantcheri.edu.ph/history/index.html]
[enfantcheri.edu.ph/wp-json/wp/v2/pages/84.json]
[enfantcheri.edu.ph/wp-json/oembed/1.0/embedd55d.json]
[enfantcheri.edu.ph/wp-json/oembed/1.0/embed827f]
[enfantcheri.edu.ph/wp-content/uploads/2020/07/teachers.jpg]
[enfantcheri.edu.ph/mission-vision/index.html]
[enfantcheri.edu.ph/wp-json/wp/v2/pages/87.json]
[enfantcheri.edu.ph/wp-json/oembed/1.0/embedb2a8.json]
[enfantcheri.edu.ph/wp-json/oembed/1.0/embed6c85]
[enfantcheri.edu.ph/wp-content/uploads/2020/07/banner-1.jpg]
[enfantcheri.edu.ph/milestone/index.html]
[enfantcheri.edu.ph/wp-json/wp/v2/pages/20.json]
[enfantcheri.edu.ph/wp-json/oembed/1.0/embed02fd.json]
[enfantcheri.edu.ph/wp-json/oembed/1.0/embed4ffb]
[enfantcheri.edu.ph/high-school/index.html]
[enfantcheri.edu.ph/wp-content/uploads/2020/07/104228508_3020775701332155_6542644595394629627_o.jpg]
[enfantcheri.edu.ph/academic-program/index.html]
[enfantcheri.edu.ph/wp-json/wp/v2/pages/22.json]
[enfantcheri.edu.ph/wp-json/oembed/1.0/embed3d30.json]
[enfantcheri.edu.ph/news/index.html]
[enfantcheri.edu.ph/wp-json/oembed/1.0/embedd570]
[enfantcheri.edu.ph/cherians-bag-awards-in-rspc/index.html]
[enfantcheri.edu.ph/cherians-celebrate-buwan-ng-wika/index.html]
[enfantcheri.edu.ph/wp-json/wp/v2/pages/244.json]
[enfantcheri.edu.ph/ecsci-holds-fire-safety-and-prevention-seminar/index.html]
[enfantcheri.edu.ph/cherians-spread-good-cheer/index.html]
[enfantcheri.edu.ph/enrollment-2020-2021/index.html]
[enfantcheri.edu.ph/wp-json/oembed/1.0/embed12e4.json]
[enfantcheri.edu.ph/covid-updates-2/index.html]
[enfantcheri.edu.ph/wp-json/oembed/1.0/embed8248]
[enfantcheri.edu.ph/wp-content/uploads/2020/07/TPC2019-1.png]
[enfantcheri.edu.ph/wp-content/uploads/2020/07/TPC2019-2.png]
[enfantcheri.edu.ph/wp-content/uploads/2020/07/TPC2019-3.png]
[enfantcheri.edu.ph/wp-content/uploads/2020/07/TPC2019-4.png]
[enfantcheri.edu.ph/wp-content/uploads/2020/07/TPC2019-5.png]
[enfantcheri.edu.ph/sy2018-2019/index.html]
[enfantcheri.edu.ph/wp-json/wp/v2/pages/24.json]
[enfantcheri.edu.ph/wp-json/oembed/1.0/embedb26d.json]
[enfantcheri.edu.ph/contact-us/index.html]
[enfantcheri.edu.ph/wp-json/oembed/1.0/embed00f5]
[enfantcheri.edu.ph/wp-json/wp/v2/pages/32.json]
[enfantcheri.edu.ph/wp-json/oembed/1.0/embed2a9a.json]
[enfantcheri.edu.ph/pre-school/index.html]
[enfantcheri.edu.ph/wp-json/oembed/1.0/embed5b01]
[enfantcheri.edu.ph/wp-json/wp/v2/pages/35.json]
[enfantcheri.edu.ph/wp-json/oembed/1.0/embed44c4.json]
[enfantcheri.edu.ph/grade-school/index.html]
[enfantcheri.edu.ph/wp-json/oembed/1.0/embede821]
[enfantcheri.edu.ph/wp-json/wp/v2/posts/280.json]
[enfantcheri.edu.ph/ecsci-declares-winners-of-csg-election/feed/index.html]
[enfantcheri.edu.ph/wp-json/oembed/1.0/embed2eed.json]
[enfantcheri.edu.ph/wp-json/oembed/1.0/embedd8d9]
[enfantcheri.edu.ph/category/news/index.html]
[enfantcheri.edu.ph/wp-content/uploads/2020/09/abby.png]
[enfantcheri.edu.ph/ecsci-declares-winners-of-csg-election/index.html]
[enfantcheri.edu.ph/wp-content/themes/enfantcheri-theme/assets/js/jquery-3.2.1.min.js]
[enfantcheri.edu.ph/popper.js]
[enfantcheri.edu.ph/wp-content/themes/enfantcheri-theme/assets/js/bootstrap.min.js]
[enfantcheri.edu.ph/wp-content/themes/enfantcheri-theme/assets/js/rellax.min.js]
[enfantcheri.edu.ph/wp-content/themes/enfantcheri-theme/assets/js/siema.min.js]
[enfantcheri.edu.ph/wp-content/themes/enfantcheri-theme/assets/js/sidebar.js]
[enfantcheri.edu.ph/wp-content/themes/enfantcheri-theme/assets/js/custom.js]
[enfantcheri.edu.ph/index44d0.html]
[enfantcheri.edu.ph/index735a.html]
[enfantcheri.edu.ph/index5d38.html]
[enfantcheri.edu.ph/index341b.html]
[enfantcheri.edu.ph/wp-json/wp/v2/pages/37.json]
[enfantcheri.edu.ph/wp-json/oembed/1.0/embed4a45.json]
[enfantcheri.edu.ph/high-school/index.html]
[enfantcheri.edu.ph/index0345.html]
[enfantcheri.edu.ph/wp-json/oembed/1.0/embed4c06]
[enfantcheri.edu.ph/wp-json/wp/v2/posts/176.json]
[enfantcheri.edu.ph/cherians-celebrate-buwan-ng-wika/feed/index.html]
[enfantcheri.edu.ph/wp-json/oembed/1.0/embed25e3.json]
[enfantcheri.edu.ph/wp-json/oembed/1.0/embed1887]
[enfantcheri.edu.ph/wp-content/uploads/2020/07/Picture4.png]
[enfantcheri.edu.ph/cherians-celebrate-buwan-ng-wika/index.html]
[enfantcheri.edu.ph/wp-json/wp/v2/posts/172.json]
[enfantcheri.edu.ph/cherians-bag-awards-in-rspc/feed/index.html]
[enfantcheri.edu.ph/wp-json/oembed/1.0/embede580.json]
[enfantcheri.edu.ph/wp-json/oembed/1.0/embed8780]
[enfantcheri.edu.ph/wp-content/uploads/2020/07/Picture3.png]
[enfantcheri.edu.ph/cherians-bag-awards-in-rspc/index.html]
[enfantcheri.edu.ph/wp-json/wp/v2/posts/167.json]
[enfantcheri.edu.ph/ecsci-holds-fire-safety-and-prevention-seminar/feed/index.html]
[enfantcheri.edu.ph/wp-json/oembed/1.0/embed201f.json]
[enfantcheri.edu.ph/wp-json/oembed/1.0/embed33de]
[enfantcheri.edu.ph/wp-content/uploads/2020/07/Picture2-1.png]
[enfantcheri.edu.ph/ecsci-holds-fire-safety-and-prevention-seminar/index.html]
[enfantcheri.edu.ph/wp-json/wp/v2/posts/163.json]
[enfantcheri.edu.ph/cherians-spread-good-cheer/feed/index.html]
[enfantcheri.edu.ph/wp-json/oembed/1.0/embed6b2d.json]
[enfantcheri.edu.ph/wp-json/oembed/1.0/embed3f77]
[enfantcheri.edu.ph/wp-content/uploads/2020/07/Picture1.png]
[enfantcheri.edu.ph/cherians-spread-good-cheer/index.html]
[enfantcheri.edu.ph/wp-json/wp/v2/posts/71.json]
[enfantcheri.edu.ph/enrollment-2020-2021/feed/index.html]
[enfantcheri.edu.ph/wp-json/oembed/1.0/embed9a4c.json]
[enfantcheri.edu.ph/wp-json/oembed/1.0/embed3ccd]
[enfantcheri.edu.ph/wp-content/uploads/2020/07/2020-SCHOOL-AD-878x1024.jpg]
[enfantcheri.edu.ph/enrollment-2020-2021/index.html]
[enfantcheri.edu.ph/wp-content/uploads/2020/07/banner-3.jpg]
[enfantcheri.edu.ph/wp-json/wp/v2/posts/68.json]
[enfantcheri.edu.ph/covid-updates-2/feed/index.html]
[enfantcheri.edu.ph/wp-json/oembed/1.0/embed1fd6.json]
[enfantcheri.edu.ph/covid-updates-2/index.html]
[enfantcheri.edu.ph/index4978.html]
[enfantcheri.edu.ph/index2cf9.html]
[enfantcheri.edu.ph/index6c46.html]
[enfantcheri.edu.ph/index5c90.html]
[enfantcheri.edu.ph/index90dd.html]
[enfantcheri.edu.ph/wp-json/oembed/1.0/embedabe3]
[enfantcheri.edu.ph/category/news/index.html]
[enfantcheri.edu.ph/popper.html]
[enfantcheri.edu.ph/wp-json/wp/v2/categories/6.json]
[enfantcheri.edu.ph/index4837.html]
[enfantcheri.edu.ph/index3440.html]
[enfantcheri.edu.ph/indexf4d1.html]
[enfantcheri.edu.ph/index3350.html]
[enfantcheri.edu.ph/index4034.html]
[enfantcheri.edu.ph/index6cf3.html]
[enfantcheri.edu.ph/index7ef4.html]
[enfantcheri.edu.ph/category/news/feed/index.html]
[enfantcheri.edu.ph/csg-officers-take-oath-of-office/index.html]
[enfantcheri.edu.ph/enfant-cheri-learning-centre/index.html]
[enfantcheri.edu.ph/wp-json/wp/v2/posts/179.json]
[enfantcheri.edu.ph/csg-officers-take-oath-of-office/feed/index.html]
[enfantcheri.edu.ph/wp-json/oembed/1.0/embed2194.json]
[enfantcheri.edu.ph/wp-json/oembed/1.0/embed6fd3]
[enfantcheri.edu.ph/category/uncategorized/index.html]
[enfantcheri.edu.ph/wp-content/uploads/2020/07/Picture5.png]
[enfantcheri.edu.ph/csg-officers-take-oath-of-office/index.html]
[enfantcheri.edu.ph/wp-json/wp/v2/posts/30.json]
[enfantcheri.edu.ph/enfant-cheri-learning-centre/feed/index.html]
[enfantcheri.edu.ph/wp-json/oembed/1.0/embedb586.json]
[enfantcheri.edu.ph/enfant-cheri-learning-centre/index.html]
[enfantcheri.edu.ph/indexccf8.html]
[enfantcheri.edu.ph/wp-json/oembed/1.0/embed58ae]
[enfantcheri.edu.ph/category/uncategorized/index.html]
[enfantcheri.edu.ph/index5643.html]
[enfantcheri.edu.ph/wp-json/wp/v2/categories/1.json]
[enfantcheri.edu.ph/category/home-page-section/index.html]
[enfantcheri.edu.ph/category/uncategorized/feed/index.html]
[enfantcheri.edu.ph/category/home-page-section/index.html]
[enfantcheri.edu.ph/wp-json/wp/v2/categories/4.json]
[enfantcheri.edu.ph/category/home-page-section/feed/index.html]
